<object-stream>
<org.drools.audit.event.ActivationLogEvent>
  <type>4</type>
  <activationId>Hello World [1]</activationId>
  <rule>Hello World</rule>
  <declarations>myMessage=Hello World(1); m=com.mdmp.infra.rule.DroolsTest$Message@1328c7a(1)</declarations>
</org.drools.audit.event.ActivationLogEvent>
<org.drools.audit.event.ObjectLogEvent>
  <type>1</type>
  <factId>1</factId>
  <objectToString>com.mdmp.infra.rule.DroolsTest$Message@1328c7a</objectToString>
</org.drools.audit.event.ObjectLogEvent>
<org.drools.audit.event.ActivationLogEvent>
  <type>6</type>
  <activationId>Hello World [1]</activationId>
  <rule>Hello World</rule>
  <declarations>myMessage=Hello World(1); m=com.mdmp.infra.rule.DroolsTest$Message@1328c7a(1)</declarations>
</org.drools.audit.event.ActivationLogEvent>
<org.drools.audit.event.ActivationLogEvent>
  <type>4</type>
  <activationId>GoodBye [1]</activationId>
  <rule>GoodBye</rule>
  <declarations>myMessage=Goodbye Johnny(1)</declarations>
</org.drools.audit.event.ActivationLogEvent>
<org.drools.audit.event.ObjectLogEvent>
  <type>2</type>
  <factId>1</factId>
  <objectToString>com.mdmp.infra.rule.DroolsTest$Message@1328c7a</objectToString>
</org.drools.audit.event.ObjectLogEvent>
<org.drools.audit.event.ActivationLogEvent>
  <type>7</type>
  <activationId>Hello World [1]</activationId>
  <rule>Hello World</rule>
  <declarations>myMessage=Goodbye Johnny(1); m=com.mdmp.infra.rule.DroolsTest$Message@1328c7a(1)</declarations>
</org.drools.audit.event.ActivationLogEvent>
<org.drools.audit.event.ActivationLogEvent>
  <type>6</type>
  <activationId>GoodBye [1]</activationId>
  <rule>GoodBye</rule>
  <declarations>myMessage=Goodbye Johnny(1)</declarations>
</org.drools.audit.event.ActivationLogEvent>
<org.drools.audit.event.ActivationLogEvent>
  <type>7</type>
  <activationId>GoodBye [1]</activationId>
  <rule>GoodBye</rule>
  <declarations>myMessage=Goodbye Johnny(1)</declarations>
</org.drools.audit.event.ActivationLogEvent>
</object-stream>
